Archive member included to satisfy reference by file (symbol)

/Applications/Ac6/SystemWorkbench.app/Contents/Eclipse/plugins/fr.ac6.mcu.externaltools.arm-none.macos64_1.13.1.201703061524/tools/compiler/bin/../lib/gcc/arm-none-eabi/5.4.1/../../../../arm-none-eabi/lib/armv7e-m/fpu/libc.a(lib_a-errno.o)
                              src/syscalls.o (__errno)
/Applications/Ac6/SystemWorkbench.app/Contents/Eclipse/plugins/fr.ac6.mcu.externaltools.arm-none.macos64_1.13.1.201703061524/tools/compiler/bin/../lib/gcc/arm-none-eabi/5.4.1/../../../../arm-none-eabi/lib/armv7e-m/fpu/libc.a(lib_a-exit.o)
                              /Applications/Ac6/SystemWorkbench.app/Contents/Eclipse/plugins/fr.ac6.mcu.externaltools.arm-none.macos64_1.13.1.201703061524/tools/compiler/bin/../lib/gcc/arm-none-eabi/5.4.1/../../../../arm-none-eabi/lib/armv7e-m/fpu/crt0.o (exit)
/Applications/Ac6/SystemWorkbench.app/Contents/Eclipse/plugins/fr.ac6.mcu.externaltools.arm-none.macos64_1.13.1.201703061524/tools/compiler/bin/../lib/gcc/arm-none-eabi/5.4.1/../../../../arm-none-eabi/lib/armv7e-m/fpu/libc.a(lib_a-impure.o)
                              /Applications/Ac6/SystemWorkbench.app/Contents/Eclipse/plugins/fr.ac6.mcu.externaltools.arm-none.macos64_1.13.1.201703061524/tools/compiler/bin/../lib/gcc/arm-none-eabi/5.4.1/../../../../arm-none-eabi/lib/armv7e-m/fpu/libc.a(lib_a-exit.o) (_global_impure_ptr)
/Applications/Ac6/SystemWorkbench.app/Contents/Eclipse/plugins/fr.ac6.mcu.externaltools.arm-none.macos64_1.13.1.201703061524/tools/compiler/bin/../lib/gcc/arm-none-eabi/5.4.1/../../../../arm-none-eabi/lib/armv7e-m/fpu/libc.a(lib_a-init.o)
                              /Applications/Ac6/SystemWorkbench.app/Contents/Eclipse/plugins/fr.ac6.mcu.externaltools.arm-none.macos64_1.13.1.201703061524/tools/compiler/bin/../lib/gcc/arm-none-eabi/5.4.1/../../../../arm-none-eabi/lib/armv7e-m/fpu/crt0.o (__libc_init_array)
/Applications/Ac6/SystemWorkbench.app/Contents/Eclipse/plugins/fr.ac6.mcu.externaltools.arm-none.macos64_1.13.1.201703061524/tools/compiler/bin/../lib/gcc/arm-none-eabi/5.4.1/../../../../arm-none-eabi/lib/armv7e-m/fpu/libc.a(lib_a-memset.o)
                              /Applications/Ac6/SystemWorkbench.app/Contents/Eclipse/plugins/fr.ac6.mcu.externaltools.arm-none.macos64_1.13.1.201703061524/tools/compiler/bin/../lib/gcc/arm-none-eabi/5.4.1/../../../../arm-none-eabi/lib/armv7e-m/fpu/crt0.o (memset)
/Applications/Ac6/SystemWorkbench.app/Contents/Eclipse/plugins/fr.ac6.mcu.externaltools.arm-none.macos64_1.13.1.201703061524/tools/compiler/bin/../lib/gcc/arm-none-eabi/5.4.1/../../../../arm-none-eabi/lib/armv7e-m/fpu/libc.a(lib_a-__call_atexit.o)
                              /Applications/Ac6/SystemWorkbench.app/Contents/Eclipse/plugins/fr.ac6.mcu.externaltools.arm-none.macos64_1.13.1.201703061524/tools/compiler/bin/../lib/gcc/arm-none-eabi/5.4.1/../../../../arm-none-eabi/lib/armv7e-m/fpu/libc.a(lib_a-exit.o) (__call_exitprocs)
/Applications/Ac6/SystemWorkbench.app/Contents/Eclipse/plugins/fr.ac6.mcu.externaltools.arm-none.macos64_1.13.1.201703061524/tools/compiler/bin/../lib/gcc/arm-none-eabi/5.4.1/../../../../arm-none-eabi/lib/armv7e-m/fpu/libc.a(lib_a-atexit.o)
                              /Applications/Ac6/SystemWorkbench.app/Contents/Eclipse/plugins/fr.ac6.mcu.externaltools.arm-none.macos64_1.13.1.201703061524/tools/compiler/bin/../lib/gcc/arm-none-eabi/5.4.1/../../../../arm-none-eabi/lib/armv7e-m/fpu/libc.a(lib_a-__call_atexit.o) (atexit)
/Applications/Ac6/SystemWorkbench.app/Contents/Eclipse/plugins/fr.ac6.mcu.externaltools.arm-none.macos64_1.13.1.201703061524/tools/compiler/bin/../lib/gcc/arm-none-eabi/5.4.1/../../../../arm-none-eabi/lib/armv7e-m/fpu/libc.a(lib_a-fini.o)
                              /Applications/Ac6/SystemWorkbench.app/Contents/Eclipse/plugins/fr.ac6.mcu.externaltools.arm-none.macos64_1.13.1.201703061524/tools/compiler/bin/../lib/gcc/arm-none-eabi/5.4.1/../../../../arm-none-eabi/lib/armv7e-m/fpu/libc.a(lib_a-__call_atexit.o) (__libc_fini_array)
/Applications/Ac6/SystemWorkbench.app/Contents/Eclipse/plugins/fr.ac6.mcu.externaltools.arm-none.macos64_1.13.1.201703061524/tools/compiler/bin/../lib/gcc/arm-none-eabi/5.4.1/../../../../arm-none-eabi/lib/armv7e-m/fpu/libc.a(lib_a-__atexit.o)
                              /Applications/Ac6/SystemWorkbench.app/Contents/Eclipse/plugins/fr.ac6.mcu.externaltools.arm-none.macos64_1.13.1.201703061524/tools/compiler/bin/../lib/gcc/arm-none-eabi/5.4.1/../../../../arm-none-eabi/lib/armv7e-m/fpu/libc.a(lib_a-atexit.o) (__register_exitproc)

Allocating common symbols
Common symbol       size              file

maze_flood_fill     0x400             src/Runner.o
rightspeed          0x4               src/main.o
left_cnt            0x4               src/Driver.o
left_intergral      0x4               src/pid.o
right_old_err       0x4               src/pid.o
right_spd           0x4               src/Driver.o
radius              0x4               src/Driver.o
[...]
Memory Configuration

Name             Origin             Length             Attributes
RAM              0x0000000020000000 0x0000000000020000 xrw
ROM              0x0000000008000000 0x0000000000100000 xr
*default*        0x0000000000000000 0xffffffffffffffff

Linker script and memory map

LOAD /Applications/Ac6/SystemWorkbench.app/Contents/Eclipse/plugins/fr.ac6.mcu.externaltools.arm-none.macos64_1.13.1.201703061524/tools/compiler/bin/../lib/gcc/arm-none-eabi/5.4.1/armv7e-m/fpu/crti.o
LOAD /Applications/Ac6/SystemWorkbench.app/Contents/Eclipse/plugins/fr.ac6.mcu.externaltools.arm-none.macos64_1.13.1.201703061524/tools/compiler/bin/../lib/gcc/arm-none-eabi/5.4.1/armv7e-m/fpu/crtbegin.o
LOAD /Applications/Ac6/SystemWorkbench.app/Contents/Eclipse/plugins/fr.ac6.mcu.externaltools.arm-none.macos64_1.13.1.201703061524/tools/compiler/bin/../lib/gcc/arm-none-eabi/5.4.1/../../../../arm-none-eabi/lib/armv7e-m/fpu/crt0.o
LOAD /Applications/Ac6/SystemWorkbench.app/Contents/Eclipse/plugins/fr.ac6.mcu.externaltools.arm-none.macos64_1.13.1.201703061524/tools/compiler/bin/../lib/gcc/arm-none-eabi/5.4.1/../../../../arm-none-eabi/lib/armv7e-m/fpu/libm.a
LOAD StdPeriph_Driver/src/misc.o
LOAD StdPeriph_Driver/src/stm32f4xx_adc.o
LOAD StdPeriph_Driver/src/stm32f4xx_can.o
LOAD StdPeriph_Driver/src/stm32f4xx_cec.o
LOAD StdPeriph_Driver/src/stm32f4xx_crc.o
LOAD StdPeriph_Driver/src/stm32f4xx_cryp.o
LOAD StdPeriph_Driver/src/stm32f4xx_cryp_aes.o
LOAD StdPeriph_Driver/src/stm32f4xx_cryp_des.o
LOAD StdPeriph_Driver/src/stm32f4xx_cryp_tdes.o
LOAD StdPeriph_Driver/src/stm32f4xx_dac.o
LOAD StdPeriph_Driver/src/stm32f4xx_dbgmcu.o
LOAD StdPeriph_Driver/src/stm32f4xx_dcmi.o
LOAD StdPeriph_Driver/src/stm32f4xx_dfsdm.o
LOAD StdPeriph_Driver/src/stm32f4xx_dma.o
LOAD StdPeriph_Driver/src/stm32f4xx_dma2d.o
LOAD StdPeriph_Driver/src/stm32f4xx_dsi.o
LOAD StdPeriph_Driver/src/stm32f4xx_exti.o
LOAD StdPeriph_Driver/src/stm32f4xx_flash.o
LOAD StdPeriph_Driver/src/stm32f4xx_flash_ramfunc.o
LOAD StdPeriph_Driver/src/stm32f4xx_fmc.o
LOAD StdPeriph_Driver/src/stm32f4xx_fmip2c.o
LOAD StdPeriph_Driver/src/stm32f4xx_fsmc.o
LOAD StdPeriph_Driver/src/stm32f4xx_gpio.o
LOAD StdPeriph_Driver/src/stm32f4xx_hash.o
LOAD StdPeriph_Driver/src/stm32f4xx_hash_md5.o
LOAD StdPeriph_Driver/src/stm32f4xx_hash_sha1.o
LOAD StdPeriph_Driver/src/stm32f4xx_i2c.o
LOAD StdPeriph_Driver/src/stm32f4xx_iwdg.o
LOAD StdPeriph_Driver/src/stm32f4xx_lptim.o
LOAD StdPeriph_Driver/src/stm32f4xx_ltdc.o
LOAD StdPeriph_Driver/src/stm32f4xx_pwr.o
LOAD StdPeriph_Driver/src/stm32f4xx_qspi.o
LOAD StdPeriph_Driver/src/stm32f4xx_rcc.o
LOAD StdPeriph_Driver/src/stm32f4xx_rng.o
LOAD StdPeriph_Driver/src/stm32f4xx_rtc.o
LOAD StdPeriph_Driver/src/stm32f4xx_sai.o
LOAD StdPeriph_Driver/src/stm32f4xx_sdio.o
LOAD StdPeriph_Driver/src/stm32f4xx_spdifrx.o
LOAD StdPeriph_Driver/src/stm32f4xx_spi.o
LOAD StdPeriph_Driver/src/stm32f4xx_syscfg.o
LOAD StdPeriph_Driver/src/stm32f4xx_tim.o
LOAD StdPeriph_Driver/src/stm32f4xx_usart.o
LOAD StdPeriph_Driver/src/stm32f4xx_wwdg.o
LOAD src/Controller.o
LOAD src/Driver.o
LOAD src/Runner.o
LOAD src/Stack.o
LOAD src/adc.o
LOAD src/button.o
LOAD src/delay.o
LOAD src/encoder.o
LOAD src/led.o
LOAD src/main.o
LOAD src/pid.o
LOAD src/pwm.o
LOAD src/sensor.o
LOAD src/stm32f4xx_it.o
LOAD src/syscalls.o
LOAD src/system_stm32f4xx.o
LOAD startup/startup_stm32.o
START GROUP
LOAD /Applications/Ac6/SystemWorkbench.app/Contents/Eclipse/plugins/fr.ac6.mcu.externaltools.arm-none.macos64_1.13.1.201703061524/tools/compiler/bin/../lib/gcc/arm-none-eabi/5.4.1/armv7e-m/fpu/libgcc.a
LOAD /Applications/Ac6/SystemWorkbench.app/Contents/Eclipse/plugins/fr.ac6.mcu.externaltools.arm-none.macos64_1.13.1.201703061524/tools/compiler/bin/../lib/gcc/arm-none-eabi/5.4.1/../../../../arm-none-eabi/lib/armv7e-m/fpu/libc.a
END GROUP
LOAD /Applications/Ac6/SystemWorkbench.app/Contents/Eclipse/plugins/fr.ac6.mcu.externaltools.arm-none.macos64_1.13.1.201703061524/tools/compiler/bin/../lib/gcc/arm-none-eabi/5.4.1/armv7e-m/fpu/crtend.o
LOAD /Applications/Ac6/SystemWorkbench.app/Contents/Eclipse/plugins/fr.ac6.mcu.externaltools.arm-none.macos64_1.13.1.201703061524/tools/compiler/bin/../lib/gcc/arm-none-eabi/5.4.1/armv7e-m/fpu/crtn.o
                0x0000000020020000                _estack = 0x20020000
                0x0000000000000000                _Min_Heap_Size = 0x0
                0x0000000000000400                _Min_Stack_Size = 0x400

.isr_vector     0x0000000008000000      0x188
                0x0000000008000000                . = ALIGN (0x4)
 *(.isr_vector)
 .isr_vector    0x0000000008000000      0x188 startup/startup_stm32.o
                0x0000000008000000                g_pfnVectors
                0x0000000008000188                . = ALIGN (0x4)

.text           0x0000000008000188     0x5054
                0x0000000008000188                . = ALIGN (0x4)
 *(.text)
 .text          0x0000000008000188       0x5c /Applications/Ac6/SystemWorkbench.app/Contents/Eclipse/plugins/fr.ac6.mcu.externaltools.arm-none.macos64_1.13.1.201703061524/tools/compiler/bin/../lib/gcc/arm-none-eabi/5.4.1/armv7e-m/fpu/crtbegin.o
 *(.text*)
 .text.NVIC_PriorityGroupConfig
                0x00000000080001e4       0x28 StdPeriph_Driver/src/misc.o
                0x00000000080001e4                NVIC_PriorityGroupConfig
 .text.NVIC_Init
                0x000000000800020c       0xc4 StdPeriph_Driver/src/misc.o
                0x000000000800020c                NVIC_Init
 .text.ADC_DeInit
                0x00000000080002d0       0x1c StdPeriph_Driver/src/stm32f4xx_adc.o
                0x00000000080002d0                ADC_DeInit
 .text.ADC_Init
                0x00000000080002ec       0xac StdPeriph_Driver/src/stm32f4xx_adc.o
                0x00000000080002ec                ADC_Init
 .text.ADC_CommonInit
                0x0000000008000398       0x50 StdPeriph_Driver/src/stm32f4xx_adc.o
                0x0000000008000398                ADC_CommonInit
 .text.ADC_Cmd  0x00000000080003e8       0x38 StdPeriph_Driver/src/stm32f4xx_adc.o
                0x00000000080003e8                ADC_Cmd
 .text.ADC_RegularChannelConfig
                0x0000000008000420      0x194 StdPeriph_Driver/src/stm32f4xx_adc.o
                0x0000000008000420                ADC_RegularChannelConfig
 .text.ADC_SoftwareStartConv
                0x00000000080005b4       0x20 StdPeriph_Driver/src/stm32f4xx_adc.o
                0x00000000080005b4                ADC_SoftwareStartConv
 .text.ADC_GetConversionValue
                0x00000000080005d4       0x1c StdPeriph_Driver/src/stm32f4xx_adc.o
                0x00000000080005d4                ADC_GetConversionValue
 .text.ADC_GetFlagStatus
                0x00000000080005f0       0x34 StdPeriph_Driver/src/stm32f4xx_adc.o
                0x00000000080005f0                ADC_GetFlagStatus
 .text.EXTI_Init
                0x0000000008000624       0xe4 StdPeriph_Driver/src/stm32f4xx_exti.o
                0x0000000008000624                EXTI_Init
 .text.EXTI_GetITStatus
                0x0000000008000708       0x34 StdPeriph_Driver/src/stm32f4xx_exti.o
                0x0000000008000708                EXTI_GetITStatus
 .text.EXTI_ClearITPendingBit
                0x000000000800073c       0x20 StdPeriph_Driver/src/stm32f4xx_exti.o
                0x000000000800073c                EXTI_ClearITPendingBit
 .text.FLASH_Unlock
                0x000000000800075c       0x30 StdPeriph_Driver/src/stm32f4xx_flash.o
                0x000000000800075c                FLASH_Unlock
 .text.FLASH_Lock
                0x000000000800078c       0x20 StdPeriph_Driver/src/stm32f4xx_flash.o
                0x000000000800078c                FLASH_Lock
 .text.FLASH_EraseSector
                0x00000000080007ac       0xc0 StdPeriph_Driver/src/stm32f4xx_flash.o
                0x00000000080007ac                FLASH_EraseSector
 .text.FLASH_ProgramWord
                0x000000000800086c       0x68 StdPeriph_Driver/src/stm32f4xx_flash.o
                0x000000000800086c                FLASH_ProgramWord
 .text.FLASH_ClearFlag
                0x00000000080008d4       0x20 StdPeriph_Driver/src/stm32f4xx_flash.o
                0x00000000080008d4                FLASH_ClearFlag
 .text.FLASH_GetStatus
                0x00000000080008f4       0x7c StdPeriph_Driver/src/stm32f4xx_flash.o
                0x00000000080008f4                FLASH_GetStatus
 .text.FLASH_WaitForLastOperation
                0x0000000008000970       0x30 StdPeriph_Driver/src/stm32f4xx_flash.o
                0x0000000008000970                FLASH_WaitForLastOperation
 .text.GPIO_Init
                0x00000000080009a0      0x11c StdPeriph_Driver/src/stm32f4xx_gpio.o
                0x00000000080009a0                GPIO_Init
 .text.GPIO_SetBits
                0x0000000008000abc       0x20 StdPeriph_Driver/src/stm32f4xx_gpio.o
                0x0000000008000abc                GPIO_SetBits
 .text.GPIO_ResetBits
                0x0000000008000adc       0x20 StdPeriph_Driver/src/stm32f4xx_gpio.o
                0x0000000008000adc                GPIO_ResetBits
 .text.GPIO_PinAFConfig
                0x0000000008000afc       0x94 StdPeriph_Driver/src/stm32f4xx_gpio.o
                0x0000000008000afc                GPIO_PinAFConfig
 .text.RCC_AHB1PeriphClockCmd
                0x0000000008000b90       0x40 StdPeriph_Driver/src/stm32f4xx_rcc.o
                0x0000000008000b90                RCC_AHB1PeriphClockCmd
 .text.RCC_APB1PeriphClockCmd
                0x0000000008000bd0       0x40 StdPeriph_Driver/src/stm32f4xx_rcc.o
                0x0000000008000bd0                RCC_APB1PeriphClockCmd
 .text.RCC_APB2PeriphClockCmd
                0x0000000008000c10       0x40 StdPeriph_Driver/src/stm32f4xx_rcc.o
                0x0000000008000c10                RCC_APB2PeriphClockCmd
 .text.RCC_APB2PeriphResetCmd
                0x0000000008000c50       0x40 StdPeriph_Driver/src/stm32f4xx_rcc.o
                0x0000000008000c50                RCC_APB2PeriphResetCmd
 .text.SYSCFG_EXTILineConfig
                0x0000000008000c90       0x84 StdPeriph_Driver/src/stm32f4xx_syscfg.o
                0x0000000008000c90                SYSCFG_EXTILineConfig
 .text.TIM_TimeBaseInit
                0x0000000008000d14       0xd8 StdPeriph_Driver/src/stm32f4xx_tim.o
                0x0000000008000d14                TIM_TimeBaseInit
 .text.TIM_SetAutoreload
                0x0000000008000dec       0x1c StdPeriph_Driver/src/stm32f4xx_tim.o
                0x0000000008000dec                TIM_SetAutoreload
 .text.TIM_ARRPreloadConfig
                0x0000000008000e08       0x40 StdPeriph_Driver/src/stm32f4xx_tim.o
                0x0000000008000e08                TIM_ARRPreloadConfig
 .text.TIM_Cmd  0x0000000008000e48       0x40 StdPeriph_Driver/src/stm32f4xx_tim.o
                0x0000000008000e48                TIM_Cmd
 .text.TIM_OC1Init
                0x0000000008000e88       0xf4 StdPeriph_Driver/src/stm32f4xx_tim.o
                0x0000000008000e88                TIM_OC1Init
 .text.TIM_OC2Init
                0x0000000008000f7c      0x110 StdPeriph_Driver/src/stm32f4xx_tim.o
                0x0000000008000f7c                TIM_OC2Init
 .text.TIM_OC3Init
                0x000000000800108c      0x10c StdPeriph_Driver/src/stm32f4xx_tim.o
                0x000000000800108c                TIM_OC3Init
 .text.TIM_OC4Init
                0x0000000008001198       0xd0 StdPeriph_Driver/src/stm32f4xx_tim.o
                0x0000000008001198                TIM_OC4Init
 .text.TIM_OC1PreloadConfig
                0x0000000008001268       0x38 StdPeriph_Driver/src/stm32f4xx_tim.o
                0x0000000008001268                TIM_OC1PreloadConfig
 .text.TIM_OC2PreloadConfig
                0x00000000080012a0       0x3c StdPeriph_Driver/src/stm32f4xx_tim.o
                0x00000000080012a0                TIM_OC2PreloadConfig
 .text.TIM_OC3PreloadConfig
                0x00000000080012dc       0x38 StdPeriph_Driver/src/stm32f4xx_tim.o
                0x00000000080012dc                TIM_OC3PreloadConfig
 .text.TIM_OC4PreloadConfig
                0x0000000008001314       0x3c StdPeriph_Driver/src/stm32f4xx_tim.o
                0x0000000008001314                TIM_OC4PreloadConfig
 .text.TIM_EncoderInterfaceConfig
                0x0000000008001350       0x98 StdPeriph_Driver/src/stm32f4xx_tim.o
                0x0000000008001350                TIM_EncoderInterfaceConfig
 .text.Controller_hardware_init
                0x00000000080013e8       0x78 src/Controller.o
                0x00000000080013e8                Controller_hardware_init
 .text.Controller_run
                0x0000000008001460      0x30c src/Controller.o
                0x0000000008001460                Controller_run
 .text.Controller_frontwall_corection
                0x000000000800176c       0xf4 src/Controller.o
                0x000000000800176c                Controller_frontwall_corection
 .text.Controller_checkwall
                0x0000000008001860       0x60 src/Controller.o
                0x0000000008001860                Controller_checkwall
 .text.Controller_button2_interrupt_handler
                0x00000000080018c0       0x18 src/Controller.o
                0x00000000080018c0                Controller_button2_interrupt_handler
 .text.Controller_writeFlash
                0x00000000080018d8       0x74 src/Controller.o
                0x00000000080018d8                Controller_writeFlash
 .text.Controller_readMazeFlash
                0x000000000800194c       0x5c src/Controller.o
                0x000000000800194c                Controller_readMazeFlash
 .text.Controller_mode_select
                0x00000000080019a8      0x35c src/Controller.o
                0x00000000080019a8                Controller_mode_select
 .text.Driver_turn_left
                0x0000000008001d04      0x14c src/Driver.o
                0x0000000008001d04                Driver_turn_left
 .text.Driver_turn_right
                0x0000000008001e50      0x14c src/Driver.o
                0x0000000008001e50                Driver_turn_right
 .text.Driver_go_straight
                0x0000000008001f9c       0x38 src/Driver.o
                0x0000000008001f9c                Driver_go_straight
 .text.Driver_checkwalls
                0x0000000008001fd4       0x10 src/Driver.o
                0x0000000008001fd4                Driver_checkwalls
 .text.Runner_maze_init
                0x0000000008001fe4       0x80 src/Runner.o
                0x0000000008001fe4                Runner_maze_init
 .text.Runner_flood_fill
                0x0000000008002064      0x184 src/Runner.o
                0x0000000008002064                Runner_flood_fill
 .text.Runner_speed_run
                0x00000000080021e8       0xc0 src/Runner.o
                0x00000000080021e8                Runner_speed_run
 .text.Runner_random_turn
                0x00000000080022a8      0x490 src/Runner.o
                0x00000000080022a8                Runner_random_turn
 .text.Runner_random_turn_two
                0x0000000008002738      0x5c0 src/Runner.o
                0x0000000008002738                Runner_random_turn_two
 .text.Runner_explore
                0x0000000008002cf8      0x56c src/Runner.o
                0x0000000008002cf8                Runner_explore
 .text.Runner_find_directions
                0x0000000008003264      0x4a8 src/Runner.o
                0x0000000008003264                Runner_find_directions
 .text.ADC_Config
                0x000000000800370c       0xf4 src/adc.o
                0x000000000800370c                ADC_Config
 .text.readADC  0x0000000008003800       0x44 src/adc.o
                0x0000000008003800                readADC
 .text.button_Configuration
                0x0000000008003844       0xa0 src/button.o
                0x0000000008003844                button_Configuration
 .text.NVIC_SetPriority
                0x00000000080038e4       0x54 src/delay.o
 .text.SysTick_Config
                0x0000000008003938       0x44 src/delay.o
 .text.Systick_Configuration
                0x000000000800397c       0x50 src/delay.o
                0x000000000800397c                Systick_Configuration
 .text.micros   0x00000000080039cc       0x44 src/delay.o
                0x00000000080039cc                micros
 .text.delay_ms
                0x0000000008003a10       0x30 src/delay.o
                0x0000000008003a10                delay_ms
 .text.elapseMicros
                0x0000000008003a40       0x24 src/delay.o
                0x0000000008003a40                elapseMicros
 .text.setLeftEncCount
                0x0000000008003a64       0x20 src/encoder.o
                0x0000000008003a64                setLeftEncCount
 .text.setRightEncCount
                0x0000000008003a84       0x20 src/encoder.o
                0x0000000008003a84                setRightEncCount
 .text.Encoder_Configration
                0x0000000008003aa4       0xbc src/encoder.o
                0x0000000008003aa4                Encoder_Configration
 .text.getLeftDistance
                0x0000000008003b60       0x24 src/encoder.o
                0x0000000008003b60                getLeftDistance
 .text.getRightDistance
                0x0000000008003b84       0x20 src/encoder.o
                0x0000000008003b84                getRightDistance
 .text.update_speed
                0x0000000008003ba4       0x64 src/encoder.o
                0x0000000008003ba4                update_speed
 .text.LED_Configuration
                0x0000000008003c08       0x98 src/led.o
                0x0000000008003c08                LED_Configuration
 .text.main     0x0000000008003ca0      0x8ac src/main.o
                0x0000000008003ca0                main
 .text.pid_left_motor
                0x000000000800454c       0x74 src/pid.o
                0x000000000800454c                pid_left_motor
 .text.pid_right_motor
                0x00000000080045c0       0x74 src/pid.o
                0x00000000080045c0                pid_right_motor
 .text.sensor_pid_left_motor
                0x0000000008004634       0x74 src/pid.o
                0x0000000008004634                sensor_pid_left_motor
 .text.sensor_pid_right_motor
                0x00000000080046a8       0x74 src/pid.o
                0x00000000080046a8                sensor_pid_right_motor
 .text.pid_reset
                0x000000000800471c       0x38 src/pid.o
                0x000000000800471c                pid_reset
 .text.TIM4_GPIO_Config
                0x0000000008004754       0x64 src/pwm.o
                0x0000000008004754                TIM4_GPIO_Config
 .text.TIM4_Mode_Config
                0x00000000080047b8       0xc8 src/pwm.o
                0x00000000080047b8                TIM4_Mode_Config
 .text.PWM_Configuration
                0x0000000008004880       0x10 src/pwm.o
                0x0000000008004880                PWM_Configuration
 .text.setLeftPwm
                0x0000000008004890       0x74 src/pwm.o
                0x0000000008004890                setLeftPwm
 .text.setRightPwm
                0x0000000008004904       0x74 src/pwm.o
                0x0000000008004904                setRightPwm
 .text.readSensor
                0x0000000008004978      0x1d8 src/sensor.o
                0x0000000008004978                readSensor
 .text.readFrontSensor
                0x0000000008004b50       0xf0 src/sensor.o
                0x0000000008004b50                readFrontSensor
 .text.read_side_sensors
                0x0000000008004c40      0x100 src/sensor.o
                0x0000000008004c40                read_side_sensors
 .text.NMI_Handler
                0x0000000008004d40       0x10 src/stm32f4xx_it.o
                0x0000000008004d40                NMI_Handler
 .text.HardFault_Handler
                0x0000000008004d50        0x8 src/stm32f4xx_it.o
                0x0000000008004d50                HardFault_Handler
 .text.MemManage_Handler
                0x0000000008004d58        0x8 src/stm32f4xx_it.o
                0x0000000008004d58                MemManage_Handler
 .text.BusFault_Handler
                0x0000000008004d60        0x8 src/stm32f4xx_it.o
                0x0000000008004d60                BusFault_Handler
 .text.UsageFault_Handler
                0x0000000008004d68        0x8 src/stm32f4xx_it.o
                0x0000000008004d68                UsageFault_Handler
 .text.SVC_Handler
                0x0000000008004d70       0x10 src/stm32f4xx_it.o
                0x0000000008004d70                SVC_Handler
 .text.DebugMon_Handler
                0x0000000008004d80       0x10 src/stm32f4xx_it.o
                0x0000000008004d80                DebugMon_Handler
 .text.PendSV_Handler
                0x0000000008004d90       0x10 src/stm32f4xx_it.o
                0x0000000008004d90                PendSV_Handler
 .text.SysTick_Handler
                0x0000000008004da0       0x1c src/stm32f4xx_it.o
                0x0000000008004da0                SysTick_Handler
 .text.EXTI9_5_IRQHandler
                0x0000000008004dbc       0x24 src/stm32f4xx_it.o
                0x0000000008004dbc                EXTI9_5_IRQHandler
 .text.SystemInit
                0x0000000008004de0       0x6c src/system_stm32f4xx.o
                0x0000000008004de0                SystemInit
 .text.SystemCoreClockUpdate
                0x0000000008004e4c       0xfc src/system_stm32f4xx.o
                0x0000000008004e4c                SystemCoreClockUpdate
 .text.SetSysClock
                0x0000000008004f48       0xf8 src/system_stm32f4xx.o
 .text.Reset_Handler
                0x0000000008005040       0x48 startup/startup_stm32.o
                0x0000000008005040                Reset_Handler
 .text.__libc_init_array
                0x0000000008005088       0x50 /Applications/Ac6/SystemWorkbench.app/Contents/Eclipse/plugins/fr.ac6.mcu.externaltools.arm-none.macos64_1.13.1.201703061524/tools/compiler/bin/../lib/gcc/arm-none-eabi/5.4.1/../../../../arm-none-eabi/lib/armv7e-m/fpu/libc.a(lib_a-init.o)
                0x0000000008005088                __libc_init_array
 .text.startup.register_fini
                0x00000000080050d8       0x14 /Applications/Ac6/SystemWorkbench.app/Contents/Eclipse/plugins/fr.ac6.mcu.externaltools.arm-none.macos64_1.13.1.201703061524/tools/compiler/bin/../lib/gcc/arm-none-eabi/5.4.1/../../../../arm-none-eabi/lib/armv7e-m/fpu/libc.a(lib_a-__call_atexit.o)
 .text.atexit   0x00000000080050ec        0xc /Applications/Ac6/SystemWorkbench.app/Contents/Eclipse/plugins/fr.ac6.mcu.externaltools.arm-none.macos64_1.13.1.201703061524/tools/compiler/bin/../lib/gcc/arm-none-eabi/5.4.1/../../../../arm-none-eabi/lib/armv7e-m/fpu/libc.a(lib_a-atexit.o)
                0x00000000080050ec                atexit
 .text.__libc_fini_array
                0x00000000080050f8       0x28 /Applications/Ac6/SystemWorkbench.app/Contents/Eclipse/plugins/fr.ac6.mcu.externaltools.arm-none.macos64_1.13.1.201703061524/tools/compiler/bin/../lib/gcc/arm-none-eabi/5.4.1/../../../../arm-none-eabi/lib/armv7e-m/fpu/libc.a(lib_a-fini.o)
                0x00000000080050f8                __libc_fini_array
 .text.__register_exitproc
                0x0000000008005120       0xa4 /Applications/Ac6/SystemWorkbench.app/Contents/Eclipse/plugins/fr.ac6.mcu.externaltools.arm-none.macos64_1.13.1.201703061524/tools/compiler/bin/../lib/gcc/arm-none-eabi/5.4.1/../../../../arm-none-eabi/lib/armv7e-m/fpu/libc.a(lib_a-__atexit.o)
                0x0000000008005120                __register_exitproc
 *(.glue_7)
 .glue_7        0x00000000080051c4        0x0 linker stubs
 *(.glue_7t)
 .glue_7t       0x00000000080051c4        0x0 linker stubs
 *(.eh_frame)
 .eh_frame      0x00000000080051c4        0x0 /Applications/Ac6/SystemWorkbench.app/Contents/Eclipse/plugins/fr.ac6.mcu.externaltools.arm-none.macos64_1.13.1.201703061524/tools/compiler/bin/../lib/gcc/arm-none-eabi/5.4.1/armv7e-m/fpu/crtbegin.o
 *(.init)
 .init          0x00000000080051c4        0x4 /Applications/Ac6/SystemWorkbench.app/Contents/Eclipse/plugins/fr.ac6.mcu.externaltools.arm-none.macos64_1.13.1.201703061524/tools/compiler/bin/../lib/gcc/arm-none-eabi/5.4.1/armv7e-m/fpu/crti.o
                0x00000000080051c4                _init
 .init          0x00000000080051c8        0x8 /Applications/Ac6/SystemWorkbench.app/Contents/Eclipse/plugins/fr.ac6.mcu.externaltools.arm-none.macos64_1.13.1.201703061524/tools/compiler/bin/../lib/gcc/arm-none-eabi/5.4.1/armv7e-m/fpu/crtn.o
 *(.fini)
 .fini          0x00000000080051d0        0x4 /Applications/Ac6/SystemWorkbench.app/Contents/Eclipse/plugins/fr.ac6.mcu.externaltools.arm-none.macos64_1.13.1.201703061524/tools/compiler/bin/../lib/gcc/arm-none-eabi/5.4.1/armv7e-m/fpu/crti.o
                0x00000000080051d0                _fini
 .fini          0x00000000080051d4        0x8 /Applications/Ac6/SystemWorkbench.app/Contents/Eclipse/plugins/fr.ac6.mcu.externaltools.arm-none.macos64_1.13.1.201703061524/tools/compiler/bin/../lib/gcc/arm-none-eabi/5.4.1/armv7e-m/fpu/crtn.o
                0x00000000080051dc                . = ALIGN (0x4)
                0x00000000080051dc                _etext = .

.vfp11_veneer   0x00000000080051dc        0x0
 .vfp11_veneer  0x00000000080051dc        0x0 linker stubs

.v4_bx          0x00000000080051dc        0x0
 .v4_bx         0x00000000080051dc        0x0 linker stubs

.iplt           0x00000000080051dc        0x0
 .iplt          0x00000000080051dc        0x0 /Applications/Ac6/SystemWorkbench.app/Contents/Eclipse/plugins/fr.ac6.mcu.externaltools.arm-none.macos64_1.13.1.201703061524/tools/compiler/bin/../lib/gcc/arm-none-eabi/5.4.1/armv7e-m/fpu/crtbegin.o

.rodata         0x00000000080051dc        0x4
                0x00000000080051dc                . = ALIGN (0x4)
 *(.rodata)
 *(.rodata*)
 .rodata._global_impure_ptr
                0x00000000080051dc        0x4 /Applications/Ac6/SystemWorkbench.app/Contents/Eclipse/plugins/fr.ac6.mcu.externaltools.arm-none.macos64_1.13.1.201703061524/tools/compiler/bin/../lib/gcc/arm-none-eabi/5.4.1/../../../../arm-none-eabi/lib/armv7e-m/fpu/libc.a(lib_a-impure.o)
                0x00000000080051dc                _global_impure_ptr
                0x00000000080051e0                . = ALIGN (0x4)

.rel.dyn        0x00000000080051e0        0x0
 .rel.iplt      0x00000000080051e0        0x0 /Applications/Ac6/SystemWorkbench.app/Contents/Eclipse/plugins/fr.ac6.mcu.externaltools.arm-none.macos64_1.13.1.201703061524/tools/compiler/bin/../lib/gcc/arm-none-eabi/5.4.1/armv7e-m/fpu/crtbegin.o

.ARM.extab      0x00000000080051e0        0x0
                0x00000000080051e0                . = ALIGN (0x4)
 *(.ARM.extab* .gnu.linkonce.armextab.*)
                0x00000000080051e0                . = ALIGN (0x4)

.ARM            0x00000000080051e0        0x0
                0x00000000080051e0                . = ALIGN (0x4)
                0x00000000080051e0                __exidx_start = .
 *(.ARM.exidx*)
                0x00000000080051e0                __exidx_end = .
                0x00000000080051e0                . = ALIGN (0x4)

.preinit_array  0x00000000080051e0        0x0
                0x00000000080051e0                . = ALIGN (0x4)
                0x00000000080051e0                PROVIDE (__preinit_array_start, .)
 *(.preinit_array*)
                0x00000000080051e0                PROVIDE (__preinit_array_end, .)
                0x00000000080051e0                . = ALIGN (0x4)

.init_array     0x00000000080051e0        0x8
                0x00000000080051e0                . = ALIGN (0x4)
                0x00000000080051e0                PROVIDE (__init_array_start, .)
 *(SORT(.init_array.*))
 .init_array.00000
                0x00000000080051e0        0x4 /Applications/Ac6/SystemWorkbench.app/Contents/Eclipse/plugins/fr.ac6.mcu.externaltools.arm-none.macos64_1.13.1.201703061524/tools/compiler/bin/../lib/gcc/arm-none-eabi/5.4.1/../../../../arm-none-eabi/lib/armv7e-m/fpu/libc.a(lib_a-__call_atexit.o)
 *(.init_array*)
 .init_array    0x00000000080051e4        0x4 /Applications/Ac6/SystemWorkbench.app/Contents/Eclipse/plugins/fr.ac6.mcu.externaltools.arm-none.macos64_1.13.1.201703061524/tools/compiler/bin/../lib/gcc/arm-none-eabi/5.4.1/armv7e-m/fpu/crtbegin.o
                0x00000000080051e8                PROVIDE (__init_array_end, .)
                0x00000000080051e8                . = ALIGN (0x4)

.fini_array     0x00000000080051e8        0x4
                0x00000000080051e8                . = ALIGN (0x4)
                0x00000000080051e8                PROVIDE (__fini_array_start, .)
 *(SORT(.fini_array.*))
 *(.fini_array*)
 .fini_array    0x00000000080051e8        0x4 /Applications/Ac6/SystemWorkbench.app/Contents/Eclipse/plugins/fr.ac6.mcu.externaltools.arm-none.macos64_1.13.1.201703061524/tools/compiler/bin/../lib/gcc/arm-none-eabi/5.4.1/armv7e-m/fpu/crtbegin.o
                0x00000000080051ec                PROVIDE (__fini_array_end, .)
                0x00000000080051ec                . = ALIGN (0x4)
                0x00000000080051ec                _sidata = LOADADDR (.data)

.data           0x0000000020000000      0x440 load address 0x00000000080051ec
                0x0000000020000000                . = ALIGN (0x4)
                0x0000000020000000                _sdata = .
 *(.data)
 .data          0x0000000020000000       0x14 src/system_stm32f4xx.o
                0x0000000020000000                SystemCoreClock
                0x0000000020000004                AHBPrescTable
 *(.data*)
 *fill*         0x0000000020000014        0x4 
 .data.impure_data
                0x0000000020000018      0x428 /Applications/Ac6/SystemWorkbench.app/Contents/Eclipse/plugins/fr.ac6.mcu.externaltools.arm-none.macos64_1.13.1.201703061524/tools/compiler/bin/../lib/gcc/arm-none-eabi/5.4.1/../../../../arm-none-eabi/lib/armv7e-m/fpu/libc.a(lib_a-impure.o)
                0x0000000020000440                . = ALIGN (0x4)
                0x0000000020000440                _edata = .

.jcr            0x0000000020000440        0x0 load address 0x000000000800562c
 .jcr           0x0000000020000440        0x0 /Applications/Ac6/SystemWorkbench.app/Contents/Eclipse/plugins/fr.ac6.mcu.externaltools.arm-none.macos64_1.13.1.201703061524/tools/compiler/bin/../lib/gcc/arm-none-eabi/5.4.1/armv7e-m/fpu/crtbegin.o

.igot.plt       0x0000000020000440        0x0 load address 0x000000000800562c
 .igot.plt      0x0000000020000440        0x0 /Applications/Ac6/SystemWorkbench.app/Contents/Eclipse/plugins/fr.ac6.mcu.externaltools.arm-none.macos64_1.13.1.201703061524/tools/compiler/bin/../lib/gcc/arm-none-eabi/5.4.1/armv7e-m/fpu/crtbegin.o
                0x0000000020000440                . = ALIGN (0x4)

.bss            0x0000000020000440      0xc84 load address 0x000000000800562c
                0x0000000020000440                _sbss = .
                0x0000000020000440                __bss_start__ = _sbss
 *(.bss)
 .bss           0x0000000020000440       0x1c /Applications/Ac6/SystemWorkbench.app/Contents/Eclipse/plugins/fr.ac6.mcu.externaltools.arm-none.macos64_1.13.1.201703061524/tools/compiler/bin/../lib/gcc/arm-none-eabi/5.4.1/armv7e-m/fpu/crtbegin.o
 .bss           0x000000002000045c        0x4 src/Controller.o
                0x000000002000045c                FUNC_TERMINATED
 .bss           0x0000000020000460      0x414 src/Runner.o
                0x0000000020000460                x_coord
                0x0000000020000464                y_coord
                0x0000000020000468                curr_dir
                0x000000002000046c                turn
                0x0000000020000470                s
 .bss           0x0000000020000874       0x10 src/encoder.o
                0x0000000020000874                global_left_dist
                0x0000000020000878                global_right_dist
                0x000000002000087c                global_left_speed
                0x0000000020000880                global_right_speed
 .bss           0x0000000020000884        0x8 src/main.o
                0x0000000020000884                test
                0x0000000020000888                mode
 .bss           0x000000002000088c        0x8 src/pwm.o
                0x000000002000088c                CCR1_Val
                0x000000002000088e                CCR2_Val
                0x0000000020000890                CCR3_Val
                0x0000000020000892                CCR4_Val
 .bss           0x0000000020000894       0x18 src/sensor.o
                0x0000000020000894                volMeter
                0x0000000020000898                voltage
                0x000000002000089c                FLSensor
                0x00000000200008a0                FRSensor
                0x00000000200008a4                LDSensor
                0x00000000200008a8                RDSensor
 *(.bss*)
 *(COMMON)
 COMMON         0x00000000200008ac        0x8 src/Controller.o
                0x00000000200008ac                Micros
                0x00000000200008b0                Millis
 COMMON         0x00000000200008b4      0x800 src/Runner.o
                0x00000000200008b4                maze_flood_fill
                0x0000000020000cb4                maze
 COMMON         0x00000000200010b4       0x10 src/pid.o
                0x00000000200010b4                left_intergral
                0x00000000200010b8                right_old_err
                0x00000000200010bc                right_intergral
                0x00000000200010c0                left_old_err
                0x00000000200010c4                . = ALIGN (0x4)
                0x00000000200010c4                _ebss = .
                0x00000000200010c4                __bss_end__ = _ebss

._user_heap_stack
                0x00000000200010c4      0x404 load address 0x000000000800562c
                0x00000000200010c8                . = ALIGN (0x8)
 *fill*         0x00000000200010c4        0x4 
                0x00000000200010c8                PROVIDE (end, .)
                [!provide]                        PROVIDE (_end, .)
                0x00000000200010c8                . = (. + _Min_Heap_Size)
                0x00000000200014c8                . = (. + _Min_Stack_Size)
 *fill*         0x00000000200010c8      0x400 
                0x00000000200014c8                . = ALIGN (0x8)

/DISCARD/
 libc.a(*)
 libm.a(*)
 libgcc.a(*)

.ARM.attributes
                0x0000000000000000       0x30
 *(.ARM.attributes)
 .ARM.attributes
                0x0000000000000000       0x22 /Applications/Ac6/SystemWorkbench.app/Contents/Eclipse/plugins/fr.ac6.mcu.externaltools.arm-none.macos64_1.13.1.201703061524/tools/compiler/bin/../lib/gcc/arm-none-eabi/5.4.1/armv7e-m/fpu/crti.o
 .ARM.attributes
                0x0000000000000022       0x34 /Applications/Ac6/SystemWorkbench.app/Contents/Eclipse/plugins/fr.ac6.mcu.externaltools.arm-none.macos64_1.13.1.201703061524/tools/compiler/bin/../lib/gcc/arm-none-eabi/5.4.1/armv7e-m/fpu/crtbegin.o
 .ARM.attributes
                0x0000000000000056       0x39 StdPeriph_Driver/src/misc.o
 .ARM.attributes
                0x000000000000008f       0x39 StdPeriph_Driver/src/stm32f4xx_adc.o
 .ARM.attributes
                0x00000000000000c8       0x39 StdPeriph_Driver/src/stm32f4xx_exti.o
 .ARM.attributes
                0x0000000000000101       0x39 StdPeriph_Driver/src/stm32f4xx_flash.o
 .ARM.attributes
                0x000000000000013a       0x39 StdPeriph_Driver/src/stm32f4xx_gpio.o
 .ARM.attributes
                0x0000000000000173       0x39 StdPeriph_Driver/src/stm32f4xx_rcc.o
 .ARM.attributes
                0x00000000000001ac       0x39 StdPeriph_Driver/src/stm32f4xx_syscfg.o
 .ARM.attributes
                0x00000000000001e5       0x39 StdPeriph_Driver/src/stm32f4xx_tim.o
 .ARM.attributes
                0x000000000000021e       0x39 src/Controller.o
 .ARM.attributes
                0x0000000000000257       0x39 src/Driver.o
 .ARM.attributes
                0x0000000000000290       0x39 src/Runner.o
 .ARM.attributes
                0x00000000000002c9       0x39 src/adc.o
 .ARM.attributes
                0x0000000000000302       0x39 src/button.o
 .ARM.attributes
                0x000000000000033b       0x39 src/delay.o
 .ARM.attributes
                0x0000000000000374       0x39 src/encoder.o
 .ARM.attributes
                0x00000000000003ad       0x39 src/led.o
 .ARM.attributes
                0x00000000000003e6       0x39 src/main.o
 .ARM.attributes
                0x000000000000041f       0x39 src/pid.o
 .ARM.attributes
                0x0000000000000458       0x39 src/pwm.o
 .ARM.attributes
                0x0000000000000491       0x39 src/sensor.o
 .ARM.attributes
                0x00000000000004ca       0x39 src/stm32f4xx_it.o
 .ARM.attributes
                0x0000000000000503       0x39 src/system_stm32f4xx.o
 .ARM.attributes
                0x000000000000053c       0x25 startup/startup_stm32.o
 .ARM.attributes
                0x0000000000000561       0x34 /Applications/Ac6/SystemWorkbench.app/Contents/Eclipse/plugins/fr.ac6.mcu.externaltools.arm-none.macos64_1.13.1.201703061524/tools/compiler/bin/../lib/gcc/arm-none-eabi/5.4.1/../../../../arm-none-eabi/lib/armv7e-m/fpu/libc.a(lib_a-impure.o)
 .ARM.attributes
                0x0000000000000595       0x34 /Applications/Ac6/SystemWorkbench.app/Contents/Eclipse/plugins/fr.ac6.mcu.externaltools.arm-none.macos64_1.13.1.201703061524/tools/compiler/bin/../lib/gcc/arm-none-eabi/5.4.1/../../../../arm-none-eabi/lib/armv7e-m/fpu/libc.a(lib_a-init.o)
 .ARM.attributes
                0x00000000000005c9       0x34 /Applications/Ac6/SystemWorkbench.app/Contents/Eclipse/plugins/fr.ac6.mcu.externaltools.arm-none.macos64_1.13.1.201703061524/tools/compiler/bin/../lib/gcc/arm-none-eabi/5.4.1/../../../../arm-none-eabi/lib/armv7e-m/fpu/libc.a(lib_a-__call_atexit.o)
 .ARM.attributes
                0x00000000000005fd       0x34 /Applications/Ac6/SystemWorkbench.app/Contents/Eclipse/plugins/fr.ac6.mcu.externaltools.arm-none.macos64_1.13.1.201703061524/tools/compiler/bin/../lib/gcc/arm-none-eabi/5.4.1/../../../../arm-none-eabi/lib/armv7e-m/fpu/libc.a(lib_a-atexit.o)
 .ARM.attributes
                0x0000000000000631       0x34 /Applications/Ac6/SystemWorkbench.app/Contents/Eclipse/plugins/fr.ac6.mcu.externaltools.arm-none.macos64_1.13.1.201703061524/tools/compiler/bin/../lib/gcc/arm-none-eabi/5.4.1/../../../../arm-none-eabi/lib/armv7e-m/fpu/libc.a(lib_a-fini.o)
 .ARM.attributes
                0x0000000000000665       0x34 /Applications/Ac6/SystemWorkbench.app/Contents/Eclipse/plugins/fr.ac6.mcu.externaltools.arm-none.macos64_1.13.1.201703061524/tools/compiler/bin/../lib/gcc/arm-none-eabi/5.4.1/../../../../arm-none-eabi/lib/armv7e-m/fpu/libc.a(lib_a-__atexit.o)
 .ARM.attributes
                0x0000000000000699       0x22 /Applications/Ac6/SystemWorkbench.app/Contents/Eclipse/plugins/fr.ac6.mcu.externaltools.arm-none.macos64_1.13.1.201703061524/tools/compiler/bin/../lib/gcc/arm-none-eabi/5.4.1/armv7e-m/fpu/crtn.o
OUTPUT(Micromouse.elf elf32-littlearm)

.debug_info     0x0000000000000000     0x9189
 .debug_info    0x0000000000000000      0x55e StdPeriph_Driver/src/misc.o
 .debug_info    0x000000000000055e      0xc48 StdPeriph_Driver/src/stm32f4xx_adc.o
 .debug_info    0x00000000000011a6      0x350 StdPeriph_Driver/src/stm32f4xx_exti.o
 .debug_info    0x00000000000014f6      0x944 StdPeriph_Driver/src/stm32f4xx_flash.o
 .debug_info    0x0000000000001e3a      0x625 StdPeriph_Driver/src/stm32f4xx_gpio.o
 .debug_info    0x000000000000245f      0xe60 StdPeriph_Driver/src/stm32f4xx_rcc.o
 .debug_info    0x00000000000032bf      0x2a0 StdPeriph_Driver/src/stm32f4xx_syscfg.o
 .debug_info    0x000000000000355f     0x1c71 StdPeriph_Driver/src/stm32f4xx_tim.o
 .debug_info    0x00000000000051d0      0x49d src/Controller.o
 .debug_info    0x000000000000566d      0x1f7 src/Driver.o
 .debug_info    0x0000000000005864      0x5cd src/Runner.o
 .debug_info    0x0000000000005e31      0x53a src/adc.o
 .debug_info    0x000000000000636b      0x5fe src/button.o
 .debug_info    0x0000000000006969      0x7cd src/delay.o
 .debug_info    0x0000000000007136      0x598 src/encoder.o
 .debug_info    0x00000000000076ce      0x2bd src/led.o
 .debug_info    0x000000000000798b      0x3d7 src/main.o
 .debug_info    0x0000000000007d62      0x19b src/pid.o
 .debug_info    0x0000000000007efd      0x65a src/pwm.o
 .debug_info    0x0000000000008557      0x3e4 src/sensor.o
 .debug_info    0x000000000000893b      0x1c8 src/stm32f4xx_it.o
 .debug_info    0x0000000000008b03      0x611 src/system_stm32f4xx.o
 .debug_info    0x0000000000009114       0x75 startup/startup_stm32.o

.debug_abbrev   0x0000000000000000     0x1e04
 .debug_abbrev  0x0000000000000000      0x14c StdPeriph_Driver/src/misc.o
 .debug_abbrev  0x000000000000014c      0x19d StdPeriph_Driver/src/stm32f4xx_adc.o
 .debug_abbrev  0x00000000000002e9      0x1ae StdPeriph_Driver/src/stm32f4xx_exti.o
 .debug_abbrev  0x0000000000000497      0x176 StdPeriph_Driver/src/stm32f4xx_flash.o
 .debug_abbrev  0x000000000000060d      0x1ac StdPeriph_Driver/src/stm32f4xx_gpio.o
 .debug_abbrev  0x00000000000007b9      0x1c1 StdPeriph_Driver/src/stm32f4xx_rcc.o
 .debug_abbrev  0x000000000000097a      0x138 StdPeriph_Driver/src/stm32f4xx_syscfg.o
 .debug_abbrev  0x0000000000000ab2      0x18e StdPeriph_Driver/src/stm32f4xx_tim.o
 .debug_abbrev  0x0000000000000c40      0x1da src/Controller.o
 .debug_abbrev  0x0000000000000e1a       0xa6 src/Driver.o
 .debug_abbrev  0x0000000000000ec0      0x1de src/Runner.o
 .debug_abbrev  0x000000000000109e      0x152 src/adc.o
 .debug_abbrev  0x00000000000011f0      0x122 src/button.o
 .debug_abbrev  0x0000000000001312      0x1ee src/delay.o
 .debug_abbrev  0x0000000000001500      0x174 src/encoder.o
 .debug_abbrev  0x0000000000001674      0x108 src/led.o
 .debug_abbrev  0x000000000000177c      0x128 src/main.o
 .debug_abbrev  0x00000000000018a4       0x8c src/pid.o
 .debug_abbrev  0x0000000000001930      0x17f src/pwm.o
 .debug_abbrev  0x0000000000001aaf      0x10d src/sensor.o
 .debug_abbrev  0x0000000000001bbc       0xf9 src/stm32f4xx_it.o
 .debug_abbrev  0x0000000000001cb5      0x13d src/system_stm32f4xx.o
 .debug_abbrev  0x0000000000001df2       0x12 startup/startup_stm32.o

.debug_aranges  0x0000000000000000      0xc68
 .debug_aranges
                0x0000000000000000       0x40 StdPeriph_Driver/src/misc.o
 .debug_aranges
                0x0000000000000040      0x148 StdPeriph_Driver/src/stm32f4xx_adc.o
 .debug_aranges
                0x0000000000000188       0x58 StdPeriph_Driver/src/stm32f4xx_exti.o
 .debug_aranges
                0x00000000000001e0      0x158 StdPeriph_Driver/src/stm32f4xx_flash.o
 .debug_aranges
                0x0000000000000338       0x88 StdPeriph_Driver/src/stm32f4xx_gpio.o
 .debug_aranges
                0x00000000000003c0      0x1c0 StdPeriph_Driver/src/stm32f4xx_rcc.o
 .debug_aranges
                0x0000000000000580       0x50 StdPeriph_Driver/src/stm32f4xx_syscfg.o
 .debug_aranges
                0x00000000000005d0      0x2f8 StdPeriph_Driver/src/stm32f4xx_tim.o
 .debug_aranges
                0x00000000000008c8       0x60 src/Controller.o
 .debug_aranges
                0x0000000000000928       0x38 src/Driver.o
 .debug_aranges
                0x0000000000000960       0x58 src/Runner.o
 .debug_aranges
                0x00000000000009b8       0x28 src/adc.o
 .debug_aranges
                0x00000000000009e0       0x20 src/button.o
 .debug_aranges
                0x0000000000000a00       0x60 src/delay.o
 .debug_aranges
                0x0000000000000a60       0x48 src/encoder.o
 .debug_aranges
                0x0000000000000aa8       0x20 src/led.o
 .debug_aranges
                0x0000000000000ac8       0x20 src/main.o
 .debug_aranges
                0x0000000000000ae8       0x40 src/pid.o
 .debug_aranges
                0x0000000000000b28       0x40 src/pwm.o
 .debug_aranges
                0x0000000000000b68       0x40 src/sensor.o
 .debug_aranges
                0x0000000000000ba8       0x68 src/stm32f4xx_it.o
 .debug_aranges
                0x0000000000000c10       0x30 src/system_stm32f4xx.o
 .debug_aranges
                0x0000000000000c40       0x28 startup/startup_stm32.o

.debug_ranges   0x0000000000000000      0xbc0
 .debug_ranges  0x0000000000000000       0x30 StdPeriph_Driver/src/misc.o
 .debug_ranges  0x0000000000000030      0x138 StdPeriph_Driver/src/stm32f4xx_adc.o
 .debug_ranges  0x0000000000000168       0x48 StdPeriph_Driver/src/stm32f4xx_exti.o
 .debug_ranges  0x00000000000001b0      0x148 StdPeriph_Driver/src/stm32f4xx_flash.o
 .debug_ranges  0x00000000000002f8       0x78 StdPeriph_Driver/src/stm32f4xx_gpio.o
 .debug_ranges  0x0000000000000370      0x1b0 StdPeriph_Driver/src/stm32f4xx_rcc.o
 .debug_ranges  0x0000000000000520       0x40 StdPeriph_Driver/src/stm32f4xx_syscfg.o
 .debug_ranges  0x0000000000000560      0x2e8 StdPeriph_Driver/src/stm32f4xx_tim.o
 .debug_ranges  0x0000000000000848       0x50 src/Controller.o
 .debug_ranges  0x0000000000000898       0x28 src/Driver.o
 .debug_ranges  0x00000000000008c0      0x108 src/Runner.o
 .debug_ranges  0x00000000000009c8       0x18 src/adc.o
 .debug_ranges  0x00000000000009e0       0x10 src/button.o
 .debug_ranges  0x00000000000009f0       0x50 src/delay.o
 .debug_ranges  0x0000000000000a40       0x38 src/encoder.o
 .debug_ranges  0x0000000000000a78       0x10 src/led.o
 .debug_ranges  0x0000000000000a88       0x10 src/main.o
 .debug_ranges  0x0000000000000a98       0x30 src/pid.o
 .debug_ranges  0x0000000000000ac8       0x30 src/pwm.o
 .debug_ranges  0x0000000000000af8       0x30 src/sensor.o
 .debug_ranges  0x0000000000000b28       0x58 src/stm32f4xx_it.o
 .debug_ranges  0x0000000000000b80       0x20 src/system_stm32f4xx.o
 .debug_ranges  0x0000000000000ba0       0x20 startup/startup_stm32.o

.debug_macro    0x0000000000000000    0x135f2
 .debug_macro   0x0000000000000000      0x1be StdPeriph_Driver/src/misc.o
 .debug_macro   0x00000000000001be      0x8aa StdPeriph_Driver/src/misc.o
 .debug_macro   0x0000000000000a68       0x6b StdPeriph_Driver/src/misc.o
 .debug_macro   0x0000000000000ad3       0x3b StdPeriph_Driver/src/misc.o
 .debug_macro   0x0000000000000b0e       0x22 StdPeriph_Driver/src/misc.o
 .debug_macro   0x0000000000000b30       0x87 StdPeriph_Driver/src/misc.o
 .debug_macro   0x0000000000000bb7       0x44 StdPeriph_Driver/src/misc.o
 .debug_macro   0x0000000000000bfb       0xfd StdPeriph_Driver/src/misc.o
 .debug_macro   0x0000000000000cf8       0x5e StdPeriph_Driver/src/misc.o
 .debug_macro   0x0000000000000d56      0x1df StdPeriph_Driver/src/misc.o
 .debug_macro   0x0000000000000f35       0x34 StdPeriph_Driver/src/misc.o
 .debug_macro   0x0000000000000f69       0x26 StdPeriph_Driver/src/misc.o
 .debug_macro   0x0000000000000f8f      0xe43 StdPeriph_Driver/src/misc.o
 .debug_macro   0x0000000000001dd2     0x91ad StdPeriph_Driver/src/misc.o
 .debug_macro   0x000000000000af7f      0x44f StdPeriph_Driver/src/misc.o
 .debug_macro   0x000000000000b3ce       0xb2 StdPeriph_Driver/src/misc.o
 .debug_macro   0x000000000000b480      0x477 StdPeriph_Driver/src/misc.o
 .debug_macro   0x000000000000b8f7       0xb5 StdPeriph_Driver/src/misc.o
 .debug_macro   0x000000000000b9ac      0x41c StdPeriph_Driver/src/misc.o
 .debug_macro   0x000000000000bdc8      0x2fb StdPeriph_Driver/src/misc.o
 .debug_macro   0x000000000000c0c3      0x2ba StdPeriph_Driver/src/misc.o
 .debug_macro   0x000000000000c37d       0x64 StdPeriph_Driver/src/misc.o
 .debug_macro   0x000000000000c3e1       0xee StdPeriph_Driver/src/misc.o
 .debug_macro   0x000000000000c4cf      0x65f StdPeriph_Driver/src/misc.o
 .debug_macro   0x000000000000cb2e      0x59e StdPeriph_Driver/src/misc.o
 .debug_macro   0x000000000000d0cc      0x342 StdPeriph_Driver/src/misc.o
 .debug_macro   0x000000000000d40e      0x36c StdPeriph_Driver/src/misc.o
 .debug_macro   0x000000000000d77a      0x114 StdPeriph_Driver/src/misc.o
 .debug_macro   0x000000000000d88e      0x73b StdPeriph_Driver/src/misc.o
 .debug_macro   0x000000000000dfc9      0x223 StdPeriph_Driver/src/misc.o
 .debug_macro   0x000000000000e1ec       0x34 StdPeriph_Driver/src/misc.o
 .debug_macro   0x000000000000e220      0x144 StdPeriph_Driver/src/misc.o
 .debug_macro   0x000000000000e364       0xc3 StdPeriph_Driver/src/misc.o
 .debug_macro   0x000000000000e427       0x40 StdPeriph_Driver/src/misc.o
 .debug_macro   0x000000000000e467      0x3cf StdPeriph_Driver/src/misc.o
 .debug_macro   0x000000000000e836      0x188 StdPeriph_Driver/src/misc.o
 .debug_macro   0x000000000000e9be      0x149 StdPeriph_Driver/src/misc.o
 .debug_macro   0x000000000000eb07       0x35 StdPeriph_Driver/src/misc.o
 .debug_macro   0x000000000000eb3c       0x7c StdPeriph_Driver/src/misc.o
 .debug_macro   0x000000000000ebb8      0x240 StdPeriph_Driver/src/stm32f4xx_adc.o
 .debug_macro   0x000000000000edf8       0x82 StdPeriph_Driver/src/stm32f4xx_adc.o
 .debug_macro   0x000000000000ee7a      0x1be StdPeriph_Driver/src/stm32f4xx_exti.o
 .debug_macro   0x000000000000f038       0xaf StdPeriph_Driver/src/stm32f4xx_exti.o
 .debug_macro   0x000000000000f0e7      0x1be StdPeriph_Driver/src/stm32f4xx_flash.o
 .debug_macro   0x000000000000f2a5      0x416 StdPeriph_Driver/src/stm32f4xx_flash.o
 .debug_macro   0x000000000000f6bb      0x1bc StdPeriph_Driver/src/stm32f4xx_gpio.o
 .debug_macro   0x000000000000f877      0x2f5 StdPeriph_Driver/src/stm32f4xx_gpio.o
 .debug_macro   0x000000000000fb6c      0x28b StdPeriph_Driver/src/stm32f4xx_rcc.o
 .debug_macro   0x000000000000fdf7      0x20a StdPeriph_Driver/src/stm32f4xx_syscfg.o
 .debug_macro   0x0000000000010001      0x10e StdPeriph_Driver/src/stm32f4xx_syscfg.o
 .debug_macro   0x000000000001010f      0x1e6 StdPeriph_Driver/src/stm32f4xx_tim.o
 .debug_macro   0x00000000000102f5      0x735 StdPeriph_Driver/src/stm32f4xx_tim.o
 .debug_macro   0x0000000000010a2a      0x384 src/Controller.o
 .debug_macro   0x0000000000010dae       0x4c src/Controller.o
 .debug_macro   0x0000000000010dfa       0x8d src/Controller.o
 .debug_macro   0x0000000000010e87       0x35 src/Controller.o
 .debug_macro   0x0000000000010ebc       0x9c src/Controller.o
 .debug_macro   0x0000000000010f58       0x16 src/Controller.o
 .debug_macro   0x0000000000010f6e       0x4a src/Controller.o
 .debug_macro   0x0000000000010fb8       0x97 src/Controller.o
 .debug_macro   0x000000000001104f      0x30d src/Controller.o
 .debug_macro   0x000000000001135c       0xfd src/Controller.o
 .debug_macro   0x0000000000011459       0x10 src/Controller.o
 .debug_macro   0x0000000000011469       0x52 src/Controller.o
 .debug_macro   0x00000000000114bb       0x1f src/Controller.o
 .debug_macro   0x00000000000114da       0x43 src/Controller.o
 .debug_macro   0x000000000001151d       0x20 src/Controller.o
 .debug_macro   0x000000000001153d      0x187 src/Controller.o
 .debug_macro   0x00000000000116c4       0x10 src/Controller.o
 .debug_macro   0x00000000000116d4       0x1c src/Controller.o
 .debug_macro   0x00000000000116f0       0x52 src/Controller.o
 .debug_macro   0x0000000000011742       0x40 src/Controller.o
 .debug_macro   0x0000000000011782       0x10 src/Controller.o
 .debug_macro   0x0000000000011792       0x40 src/Controller.o
 .debug_macro   0x00000000000117d2       0xd7 src/Controller.o
 .debug_macro   0x00000000000118a9       0x16 src/Controller.o
 .debug_macro   0x00000000000118bf      0x18b src/Controller.o
 .debug_macro   0x0000000000011a4a       0x22 src/Controller.o
 .debug_macro   0x0000000000011a6c       0x10 src/Controller.o
 .debug_macro   0x0000000000011a7c       0x8e src/Controller.o
 .debug_macro   0x0000000000011b0a       0x16 src/Controller.o
 .debug_macro   0x0000000000011b20       0x35 src/Controller.o
 .debug_macro   0x0000000000011b55       0x16 src/Controller.o
 .debug_macro   0x0000000000011b6b       0x29 src/Controller.o
 .debug_macro   0x0000000000011b94       0x28 src/Controller.o
 .debug_macro   0x0000000000011bbc      0x19d src/Controller.o
 .debug_macro   0x0000000000011d59       0x2f src/Driver.o
 .debug_macro   0x0000000000011d88       0x2e src/Driver.o
 .debug_macro   0x0000000000011db6      0x2a1 src/Runner.o
 .debug_macro   0x0000000000012057      0x10e src/Runner.o
 .debug_macro   0x0000000000012165       0x8d src/Runner.o
 .debug_macro   0x00000000000121f2      0x1c0 src/adc.o
 .debug_macro   0x00000000000123b2      0x1ae src/button.o
 .debug_macro   0x0000000000012560      0x1c6 src/delay.o
 .debug_macro   0x0000000000012726      0x1ae src/encoder.o
 .debug_macro   0x00000000000128d4      0x1ae src/led.o
 .debug_macro   0x0000000000012a82      0x217 src/main.o
 .debug_macro   0x0000000000012c99       0x59 src/pid.o
 .debug_macro   0x0000000000012cf2      0x1cc src/pwm.o
 .debug_macro   0x0000000000012ebe      0x324 src/sensor.o
 .debug_macro   0x00000000000131e2       0x52 src/sensor.o
 .debug_macro   0x0000000000013234      0x1ec src/stm32f4xx_it.o
 .debug_macro   0x0000000000013420      0x1d2 src/system_stm32f4xx.o

.debug_line     0x0000000000000000     0xaca1
 .debug_line    0x0000000000000000      0x6d7 StdPeriph_Driver/src/misc.o
 .debug_line    0x00000000000006d7      0x9ed StdPeriph_Driver/src/stm32f4xx_adc.o
 .debug_line    0x00000000000010c4      0x727 StdPeriph_Driver/src/stm32f4xx_exti.o
 .debug_line    0x00000000000017eb      0x9ff StdPeriph_Driver/src/stm32f4xx_flash.o
 .debug_line    0x00000000000021ea      0x7ff StdPeriph_Driver/src/stm32f4xx_gpio.o
 .debug_line    0x00000000000029e9      0xaf3 StdPeriph_Driver/src/stm32f4xx_rcc.o
 .debug_line    0x00000000000034dc      0x6fa StdPeriph_Driver/src/stm32f4xx_syscfg.o
 .debug_line    0x0000000000003bd6      0xf51 StdPeriph_Driver/src/stm32f4xx_tim.o
 .debug_line    0x0000000000004b27      0xa6f src/Controller.o
 .debug_line    0x0000000000005596      0x117 src/Driver.o
 .debug_line    0x00000000000056ad      0xb5d src/Runner.o
 .debug_line    0x000000000000620a      0x6ea src/adc.o
 .debug_line    0x00000000000068f4      0x67d src/button.o
 .debug_line    0x0000000000006f71      0x784 src/delay.o
 .debug_line    0x00000000000076f5      0x6d7 src/encoder.o
 .debug_line    0x0000000000007dcc      0x675 src/led.o
 .debug_line    0x0000000000008441      0x965 src/main.o
 .debug_line    0x0000000000008da6       0x9a src/pid.o
 .debug_line    0x0000000000008e40      0x6e7 src/pwm.o
 .debug_line    0x0000000000009527      0x862 src/sensor.o
 .debug_line    0x0000000000009d89      0x7ab src/stm32f4xx_it.o
 .debug_line    0x000000000000a534      0x6f4 src/system_stm32f4xx.o
 .debug_line    0x000000000000ac28       0x79 startup/startup_stm32.o

.debug_str      0x0000000000000000    0x668a4
 .debug_str     0x0000000000000000    0x5e222 StdPeriph_Driver/src/misc.o
                                      0x5e3cb (size before relaxing)
 .debug_str     0x000000000005e222      0x91f StdPeriph_Driver/src/stm32f4xx_adc.o
                                      0x5eaba (size before relaxing)
 .debug_str     0x000000000005eb41      0x1ce StdPeriph_Driver/src/stm32f4xx_exti.o
                                      0x5e341 (size before relaxing)
 .debug_str     0x000000000005ed0f      0x4e2 StdPeriph_Driver/src/stm32f4xx_flash.o
                                      0x5e695 (size before relaxing)
 .debug_str     0x000000000005f1f1      0x2b0 StdPeriph_Driver/src/stm32f4xx_gpio.o
                                      0x5e473 (size before relaxing)
 .debug_str     0x000000000005f4a1      0xd65 StdPeriph_Driver/src/stm32f4xx_rcc.o
                                      0x5ef80 (size before relaxing)
 .debug_str     0x0000000000060206      0x40c StdPeriph_Driver/src/stm32f4xx_syscfg.o
                                      0x5e591 (size before relaxing)
 .debug_str     0x0000000000060612      0xc1b StdPeriph_Driver/src/stm32f4xx_tim.o
                                      0x5ee6a (size before relaxing)
 .debug_str     0x000000000006122d     0x4882 src/Controller.o
                                      0x62ada (size before relaxing)
 .debug_str     0x0000000000065aaf      0x124 src/Driver.o
                                       0x2b79 (size before relaxing)
 .debug_str     0x0000000000065bd3      0x15a src/Runner.o
                                      0x61332 (size before relaxing)
 .debug_str     0x0000000000065d2d       0x70 src/adc.o
                                      0x5edd9 (size before relaxing)
 .debug_str     0x0000000000065d9d      0x548 src/button.o
                                      0x5e995 (size before relaxing)
 .debug_str     0x00000000000662e5       0xbd src/delay.o
                                      0x5e861 (size before relaxing)
 .debug_str     0x00000000000663a2       0xa2 src/encoder.o
                                      0x5e4a9 (size before relaxing)
 .debug_str     0x0000000000066444       0x1f src/led.o
                                      0x5e307 (size before relaxing)
 .debug_str     0x0000000000066463       0x42 src/main.o
                                      0x5ec36 (size before relaxing)
 .debug_str     0x00000000000664a5       0xfb src/pid.o
                                       0x2644 (size before relaxing)
 .debug_str     0x00000000000665a0      0x11c src/pwm.o
                                      0x5e5ed (size before relaxing)
 .debug_str     0x00000000000666bc       0x6c src/sensor.o
                                      0x62872 (size before relaxing)
 .debug_str     0x0000000000066728       0xd8 src/stm32f4xx_it.o
                                      0x5e730 (size before relaxing)
 .debug_str     0x0000000000066800       0xa4 src/system_stm32f4xx.o
                                      0x5e3d6 (size before relaxing)

.comment        0x0000000000000000       0x6e
 .comment       0x0000000000000000       0x6e StdPeriph_Driver/src/misc.o
                                         0x6f (size before relaxing)
 .comment       0x000000000000006e       0x6f StdPeriph_Driver/src/stm32f4xx_adc.o
 .comment       0x000000000000006e       0x6f StdPeriph_Driver/src/stm32f4xx_exti.o
 .comment       0x000000000000006e       0x6f StdPeriph_Driver/src/stm32f4xx_flash.o
 .comment       0x000000000000006e       0x6f StdPeriph_Driver/src/stm32f4xx_gpio.o
 .comment       0x000000000000006e       0x6f StdPeriph_Driver/src/stm32f4xx_rcc.o
 .comment       0x000000000000006e       0x6f StdPeriph_Driver/src/stm32f4xx_syscfg.o
 .comment       0x000000000000006e       0x6f StdPeriph_Driver/src/stm32f4xx_tim.o
 .comment       0x000000000000006e       0x6f src/Controller.o
 .comment       0x000000000000006e       0x6f src/Driver.o
 .comment       0x000000000000006e       0x6f src/Runner.o
 .comment       0x000000000000006e       0x6f src/adc.o
 .comment       0x000000000000006e       0x6f src/button.o
 .comment       0x000000000000006e       0x6f src/delay.o
 .comment       0x000000000000006e       0x6f src/encoder.o
 .comment       0x000000000000006e       0x6f src/led.o
 .comment       0x000000000000006e       0x6f src/main.o
 .comment       0x000000000000006e       0x6f src/pid.o
 .comment       0x000000000000006e       0x6f src/pwm.o
 .comment       0x000000000000006e       0x6f src/sensor.o
 .comment       0x000000000000006e       0x6f src/stm32f4xx_it.o
 .comment       0x000000000000006e       0x6f src/system_stm32f4xx.o

.debug_frame    0x0000000000000000     0x32ec
 .debug_frame   0x0000000000000000       0xd8 StdPeriph_Driver/src/misc.o
 .debug_frame   0x00000000000000d8      0x5ec StdPeriph_Driver/src/stm32f4xx_adc.o
 .debug_frame   0x00000000000006c4      0x148 StdPeriph_Driver/src/stm32f4xx_exti.o
 .debug_frame   0x000000000000080c      0x5b4 StdPeriph_Driver/src/stm32f4xx_flash.o
 .debug_frame   0x0000000000000dc0      0x23c StdPeriph_Driver/src/stm32f4xx_gpio.o
 .debug_frame   0x0000000000000ffc      0x83c StdPeriph_Driver/src/stm32f4xx_rcc.o
 .debug_frame   0x0000000000001838      0x11c StdPeriph_Driver/src/stm32f4xx_syscfg.o
 .debug_frame   0x0000000000001954      0xe54 StdPeriph_Driver/src/stm32f4xx_tim.o
 .debug_frame   0x00000000000027a8      0x150 src/Controller.o
 .debug_frame   0x00000000000028f8       0x98 src/Driver.o
 .debug_frame   0x0000000000002990      0x148 src/Runner.o
 .debug_frame   0x0000000000002ad8       0x58 src/adc.o
 .debug_frame   0x0000000000002b30       0x34 src/button.o
 .debug_frame   0x0000000000002b64      0x14c src/delay.o
 .debug_frame   0x0000000000002cb0       0xe4 src/encoder.o
 .debug_frame   0x0000000000002d94       0x34 src/led.o
 .debug_frame   0x0000000000002dc8       0x30 src/main.o
 .debug_frame   0x0000000000002df8       0xd0 src/pid.o
 .debug_frame   0x0000000000002ec8       0xc4 src/pwm.o
 .debug_frame   0x0000000000002f8c       0xb8 src/sensor.o
 .debug_frame   0x0000000000003044      0x128 src/stm32f4xx_it.o
 .debug_frame   0x000000000000316c       0x7c src/system_stm32f4xx.o
 .debug_frame   0x00000000000031e8       0x2c /Applications/Ac6/SystemWorkbench.app/Contents/Eclipse/plugins/fr.ac6.mcu.externaltools.arm-none.macos64_1.13.1.201703061524/tools/compiler/bin/../lib/gcc/arm-none-eabi/5.4.1/../../../../arm-none-eabi/lib/armv7e-m/fpu/libc.a(lib_a-init.o)
 .debug_frame   0x0000000000003214       0x50 /Applications/Ac6/SystemWorkbench.app/Contents/Eclipse/plugins/fr.ac6.mcu.externaltools.arm-none.macos64_1.13.1.201703061524/tools/compiler/bin/../lib/gcc/arm-none-eabi/5.4.1/../../../../arm-none-eabi/lib/armv7e-m/fpu/libc.a(lib_a-__call_atexit.o)
 .debug_frame   0x0000000000003264       0x20 /Applications/Ac6/SystemWorkbench.app/Contents/Eclipse/plugins/fr.ac6.mcu.externaltools.arm-none.macos64_1.13.1.201703061524/tools/compiler/bin/../lib/gcc/arm-none-eabi/5.4.1/../../../../arm-none-eabi/lib/armv7e-m/fpu/libc.a(lib_a-atexit.o)
 .debug_frame   0x0000000000003284       0x34 /Applications/Ac6/SystemWorkbench.app/Contents/Eclipse/plugins/fr.ac6.mcu.externaltools.arm-none.macos64_1.13.1.201703061524/tools/compiler/bin/../lib/gcc/arm-none-eabi/5.4.1/../../../../arm-none-eabi/lib/armv7e-m/fpu/libc.a(lib_a-fini.o)
 .debug_frame   0x00000000000032b8       0x34 /Applications/Ac6/SystemWorkbench.app/Contents/Eclipse/plugins/fr.ac6.mcu.externaltools.arm-none.macos64_1.13.1.201703061524/tools/compiler/bin/../lib/gcc/arm-none-eabi/5.4.1/../../../../arm-none-eabi/lib/armv7e-m/fpu/libc.a(lib_a-__atexit.o)
